{
  "version": "1.5.0",
  "plugins_used": [
    {
      "name": "ArtifactoryDetector"
    },
    {
      "name": "AWSKeyDetector"
    },
    {
      "name": "AzureStorageKeyDetector"
    },
    {
      "name": "Base64HighEntropyString",
      "limit": 4.5
    },
    {
      "name": "BasicAuthDetector"
    },
    {
      "name": "CloudantDetector"
    },
    {
      "name": "DiscordBotTokenDetector"
    },
    {
      "name": "GitHubTokenDetector"
    },
    {
      "name": "GitLabTokenDetector"
    },
    {
      "name": "HexHighEntropyString",
      "limit": 3.0
    },
    {
      "name": "IbmCloudIamDetector"
    },
    {
      "name": "IbmCosHmacDetector"
    },
    {
      "name": "IPPublicDetector"
    },
    {
      "name": "JwtTokenDetector"
    },
    {
      "name": "KeywordDetector",
      "keyword_exclude": ""
    },
    {
      "name": "MailchimpDetector"
    },
    {
      "name": "NpmDetector"
    },
    {
      "name": "OpenAIDetector"
    },
    {
      "name": "PrivateKeyDetector"
    },
    {
      "name": "PypiTokenDetector"
    },
    {
      "name": "SendGridDetector"
    },
    {
      "name": "SlackDetector"
    },
    {
      "name": "SoftlayerDetector"
    },
    {
      "name": "SquareOAuthDetector"
    },
    {
      "name": "StripeDetector"
    },
    {
      "name": "TelegramBotTokenDetector"
    },
    {
      "name": "TwilioKeyDetector"
    }
  ],
  "filters_used": [
    {
      "path": "detect_secrets.filters.allowlist.is_line_allowlisted"
    },
    {
      "path": "detect_secrets.filters.common.is_baseline_file",
      "filename": ".secrets.baseline"
    },
    {
      "path": "detect_secrets.filters.common.is_ignored_due_to_verification_policies",
      "min_level": 2
    },
    {
      "path": "detect_secrets.filters.heuristic.is_indirect_reference"
    },
    {
      "path": "detect_secrets.filters.heuristic.is_likely_id_string"
    },
    {
      "path": "detect_secrets.filters.heuristic.is_lock_file"
    },
    {
      "path": "detect_secrets.filters.heuristic.is_not_alphanumeric_string"
    },
    {
      "path": "detect_secrets.filters.heuristic.is_potential_uuid"
    },
    {
      "path": "detect_secrets.filters.heuristic.is_prefixed_with_dollar_sign"
    },
    {
      "path": "detect_secrets.filters.heuristic.is_sequential_string"
    },
    {
      "path": "detect_secrets.filters.heuristic.is_swagger_file"
    },
    {
      "path": "detect_secrets.filters.heuristic.is_templated_secret"
    },
    {
      "path": "detect_secrets.filters.regex.should_exclude_file",
      "pattern": [
        "^uv\\.lock$|^\\.secrets\\.baseline$|\\.po$|\\.mo$"
      ]
    }
  ],
  "results": {
    "docs/JWT_ACCESS_TOKENS.md": [
      {
        "type": "Secret Keyword",
        "filename": "docs/JWT_ACCESS_TOKENS.md",
        "hashed_secret": "c303df00cd0a72b21c62900b758b06fc541664ce",
        "is_verified": false,
        "line_number": 149
      }
    ],
    "docs/JWT_ACCESS_TOKENS.ru.md": [
      {
        "type": "Secret Keyword",
        "filename": "docs/JWT_ACCESS_TOKENS.ru.md",
        "hashed_secret": "c303df00cd0a72b21c62900b758b06fc541664ce",
        "is_verified": false,
        "line_number": 157
      }
    ],
    "tests/conformance/docker-compose.yml": [
      {
        "type": "Secret Keyword",
        "filename": "tests/conformance/docker-compose.yml",
        "hashed_secret": "69a2b4649470c3ba7a5b0ec3b4ef641a420373cb",
        "is_verified": false,
        "line_number": 118
      },
      {
        "type": "Secret Keyword",
        "filename": "tests/conformance/docker-compose.yml",
        "hashed_secret": "715e05dd9b4afe37c0732971e799caaf71996a20",
        "is_verified": false,
        "line_number": 120
      }
    ],
    "tests/oidc-test.key": [
      {
        "type": "Private Key",
        "filename": "tests/oidc-test.key",
        "hashed_secret": "1348b145fa1a555461c1b790a2f66614781091e9",
        "is_verified": false,
        "line_number": 1
      }
    ],
    "tests/test_command_jwks_rotate.py": [
      {
        "type": "Private Key",
        "filename": "tests/test_command_jwks_rotate.py",
        "hashed_secret": "1348b145fa1a555461c1b790a2f66614781091e9",
        "is_verified": false,
        "line_number": 36
      }
    ],
    "tests/test_conformance.py": [
      {
        "type": "Secret Keyword",
        "filename": "tests/test_conformance.py",
        "hashed_secret": "fa269fe02174933cec01fb61bf63150aec518499",
        "is_verified": false,
        "line_number": 625
      }
    ],
    "tests/test_integration_mock_rp.py": [
      {
        "type": "Secret Keyword",
        "filename": "tests/test_integration_mock_rp.py",
        "hashed_secret": "3a854e87d02bb4b0ad9ebddc5059591bb6197ba7",
        "is_verified": false,
        "line_number": 346
      }
    ],
    "tests/test_jwt_grants.py": [
      {
        "type": "Secret Keyword",
        "filename": "tests/test_jwt_grants.py",
        "hashed_secret": "faab7f62cdfb9dc26c009c55adc5a7b34b83158e",
        "is_verified": false,
        "line_number": 207
      }
    ],
    "tests/test_migrations.py": [
      {
        "type": "Secret Keyword",
        "filename": "tests/test_migrations.py",
        "hashed_secret": "e5e9fa1ba31ecd1ae84f75caaa474f3a663f05f4",
        "is_verified": false,
        "line_number": 82
      }
    ],
    "tests/test_token.py": [
      {
        "type": "Secret Keyword",
        "filename": "tests/test_token.py",
        "hashed_secret": "fa269fe02174933cec01fb61bf63150aec518499",
        "is_verified": false,
        "line_number": 284
      },
      {
        "type": "Secret Keyword",
        "filename": "tests/test_token.py",
        "hashed_secret": "8867c88b56e0bfb82cffaf15a66bc8d107d6754a",
        "is_verified": false,
        "line_number": 1607
      }
    ],
    "tests/test_utils.py": [
      {
        "type": "Secret Keyword",
        "filename": "tests/test_utils.py",
        "hashed_secret": "2a46a9abd6d307db8cfb0b42f9f69981ea378a83",
        "is_verified": false,
        "line_number": 162
      },
      {
        "type": "Secret Keyword",
        "filename": "tests/test_utils.py",
        "hashed_secret": "2ccea98bf320818775d8b08472852a09fbc3b150",
        "is_verified": false,
        "line_number": 199
      }
    ]
  },
  "generated_at": "2026-05-20T15:16:21Z"
}
